cpu version = 0
CPU's clock information:
    aplll = 816000000HZ
    apllb = 24000000HZ
    gpll = 80000HZ
               aclk_periph_h = 133333333HZ, hclk_periph_h = 66666666HZ, pclk_periph_h = 33333333HZ
               aclk_periph_l0 = 266666666HZ, hclk_periph_l0 = 88888888HZ, pclk_periph_l0 = 44444444HZ
               hclk_periph_l1 =00000HZ, pclk_periph_l1 = 50000000HZ
    cpll = 800000000HZ
    dpll = 928000000HZ
    vpll = 24000000HZ
    npll = 24000000    ppll = 676000000HZ
Board:  Rockchip platform Board
Uboot as second level loader
DRAM:  Found dram banks: 1
Adding bank:00000200000(00000000ffe00000)
Reserve memory for trust os.
dram reserve bank: base = 0x08400000, size = 0x01e00000
128 MiB
SdmmcInit = 0 20
storage init OK!
Using default environment

GetParam
Load FDT from resource image.
no key node
can't find dts node for fixed
usb bc: can find node by path: /dwc-control-usb/usb_bc
dwc_otg_check_dpdm: usb bc disconnected
pmic:rk808
can't find dts node for pwm1
set pwm voltage ok,pwm_id =2 vol=900000,pwm_value=16
Can't find dts node for fuel guage cw201x
can't find dts node for ec-battery
Can't find dts node for charger bq25700
invalide header tag
ca head not found
SecureBootEn = 0, SecureBootLock = 0

#Boot ver: 2020-03-16#1.19
empty serial no.
reboot normal.
checkKey
vbus = 0
no fuel gauge found
no fuel gauge found
Rockchip UBOOT DRM driver version: develop-v1.0.0
failed to find panel driver
delay prepare[20] unprepare[0] enable[20] disable[0]
read logo on state from dts [1]
no fuel gauge found
rockchip_panel_deinit: failed to find panel deinit funcs
EDID data does not include any extensions.
Using display timing from edid
EDID version: 1.4
Product ID code: 0702
Manufacturer: FRE
Serial number: 00000001
Manufactured in week: 19 year: 2018
Video input definition: digital signal, voltage level 1, composite sync, serration v
Monitor i
Maximum visible display size: 9 cm x 15 cm
Power management features: active off, no suspend, no standby
Estabilished timingtandard timings:
        800x1280                60 Hz (detailed)
Monitor name: HD702E
Detailed mode clock 67190 kHz, flags[a]
    H: 0800 0820 00864
    V: 1280 1284 1292 1296
bus_format: 100e
rk lcdc - 1 lk set: dclk = 67190000HZ, pll select = 1, div = 1
Warn: vop clk request 67190000hz, but real clock is 67189999hz
Link Training Clock Recovery success
Link Training success!
Timeout of video streamclk ok
unable to config video
Hit any key to stop autoboot:  0 
load fdt from resouce.
vendor read error!
Set oem_unlocked=0Secure Boot state: 0
kernel   @ 0x00280000 (0x01189a00)
ramdisk  @ 0x04bf0000 (0x007b2bc0)
bootrk: do_bootm_linux...
   Loading Device Tree to 0000000004600000, end 000000000461c7bc ... OK
Add bank:0000000000200000, 0000000008200000
Add bank:000000000a200000, 00000000ede00000
WARNING: could not set reg FDT_ERR_BADOFFSET.

Starting kernel ...

[    0.000000] Booting Linux on physical CPU 0x0
[    0.000000] Initializing cgroup subsys cpuset
[    0.000000] Initializing cgroup subsys cpu
[    0.000000] Initializing cgroup subsys cpuacct
[    0.000000] Linux version 4.4.179 (root@jensen) (gcc version 6.4.0 (ctng-1.23.0-150g-FA) ) #1 SMP Thu Aug 25 18:18:38 CST 2022
[    0.000000] Boot CPU: AArch64 Processor [410fd034]
[    0.000000] earlycon: Early serial console at MMIO32 0xff1a0000 (options '')
[    0.000000] bootconsole [uart0] enabled
[    0.000000] Panel: HD702E selected
[    0.000000] efi: Getting EFI parameters from FDT:
[    0.000000] efi: UEFI not found.
[    0.000000] psci: probing for conduit method from DT.
[    0.000000] psci: PSCIv1.0 detected in firmware.
[    0.000000] psci: Using standard PSCI v0.2 function IDs
[    0.000000] psci: Trusted OS migration not required
[    0.000000] PERCPU: Embedded 21 pages/cpu @ffffffc0f7ec9000 s46376 r8192 d31448 u86016
[    0.000000] Detected VIPT I-cache on CPU0
[    0.000000] CPU features: enabling workaround for ARM erratum 845719
[    0.000000] Built 1 zonelists in Zone order, mobility grouping on.  Total pages: 991752
[    0.000000] Kernel command line: earlycon=uart8250,mmio32,0xff1a0000 swiotlb=1 console=ttyFIQ0 rootwait coherent_pool=1m root=/dev/mmcblk1p7 rw rootfstype=ext4 data=/dev/mmcblk1p8 consoleblank=0 cgroup_enable=cpuset cgroup_memory=1 cgroup0
[    0.000000] PID hash table entries: 4096 (order: 3, 32768 bytes)
[    0.000000] Dentry cache hash table entries: 524288 (order: 10, 4194304 bytes)
[    0.000000] Inode-cache hash table entries: 262144 (order: 9, 2097152 bytes)
[    0.000000] software IO TLB: mapped [mem 0xf7e81000-0xf7ec1000] (0MB)
[    0.000000] Memory: 3927056K/4030464K available (11324K kernel code, 1382K rwdata, 4112K rodata, 1088K init, 1923K bss, 103408K reserved, 0K cma-reserved)
[    0.000000] Virtual kernel memory layout:
[    0.000000]     modules : 0xffffff8000000000 - 0xffffff8008000000   (   128 MB)
[    0.000000]     vmalloc : 0xffffff8008000000 - 0xffffffbdbfff0000   (   246 GB)
[    0.000000]       .init : 0xffffff8008fa0000 - 0xffffff80090b0000   (  1088 KB)
[    0.000000]       .text : 0xffffff8008080000 - 0xffffff8008b90000   ( 11328 KB)
[    0.000000]     .rodata : 0xffffff8008b90000 - 0xffffff8008fa0000   (  4160 KB)
[    0.000000]       .data : 0xffffff80090b0000 - 0xffffff8009209a00   (  1383 KB)
[    0.000000]     vmemmap : 0xffffffbdc0000000 - 0xffffffbfc0000000   (     8 GB maximum)
[    0.000000]               0xffffffbdc0008000 - 0xffffffbdc3e00000   (    61 MB actual)
[    0.000000]     fixed   : 0xffffffbffe7fb000 - 0xffffffbffec00000   (  4116 KB)
[    0.000000]     PCI I/O : 0xffffffbffee00000 - 0xffffffbfffe00000   (    16 MB)
[    0.000000]     memory  : 0xffffffc000200000 - 0xffffffc0f8000000   (  3966 MB)
[    0.000000] SLUB: HWalign=64, Order=0-3, MinObjects=0, CPUs=6, Nodes=1
[    0.000000] Hierarchical RCU implementation.
[    0.000000]  Build-time adjustment of leaf fanout to 64.
[    0.000000]  RCU restricting CPUs from NR_CPUS=8 to nr_cpu_ids=6.
[    0.000000] RCU: Adjusting geometry for rcu_fanout_leaf=64, nr_cpu_ids=6
[    0.000000] NR_IRQS:64 nr_irqs:64 0
[    0.000000] GIC: Using split EOI/Deactivate mode
[    0.000000] ITS: /interrupt-controller@fee00000/interrupt-controller@fee20000
[    0.000000] ITS: allocated 65536 Devices @f2c80000 (psz 64K, shr 0)
[    0.000000] ITS: using cache flushing for cmd queue
[    0.000000] GIC: using LPI property table @0x00000000f2d00000
[    0.000000] ITS: Allocated 1792 chunks for LPIs
[    0.0000000: found redistributor 0 region 0:0x00000000fef00000
[    0.000000] CPU0: using LPI pending table @0x00000000f2d10000
[    0.000000] GIC: using cache flushing for LPI property table
[    0.000000] GIC: PPI partition interrupt-partition-0[0] { /cpus/cpu@0[0] /cpus/cpu@1[1] /cpus/cpu@2[2] /cpus/cpu@3[3] }
[    0.000000] GIC: PPI partition interrupt-partition-1[1] { /cpus/cpu@100[4] /cpus/cpu@101[5] }
[    0.000000] rockchip_clk_register_frac_branch: could not find dclk_vop0_frac as parent of dclk_vop0, rate changes may not work
[    0.000000] rockchip_clk_register_frac_branch: could not find dclk_vop1_frac as parent of dclk_vop1, rate changes may not work
[    0.000000] rockchip_cpuclk_pre_rate_change: limiting alt-divider 33 to 31
[    0.000000] Architected cp15 timer(s) running at 24.00MHz (phys).
[    0.000000] clocksource: arch_sys_counter: mask: 0xffffffffffffff max_cycles: 0x588fe9dc0, max_idle_ns: 440795202592 ns
[    0.000006] sched_clock: 56 bits at 24MHz, resolution 41ns, wraps every 4398046511097ns
[    0.002176] Console: colour dummy device 80x25
[    0.002622] Calibrating delay loop (skipped), value calculated using timer frequency.. 48.00 BogoMIPS (lpj=24000)
[    0.003619] pid_max: default: 32768 minimum: 301
[    0.004171] Security Framework initialized
[    0.004583] AppArmor: AppArmor disabled by boot time parameter
[    0.005186] Mount-cache hash table entries: 8192 (order: 4, 65536 bytes)
[    0.005842] Mountpoint-cache hash table entries: 8192 (order: 4, 65536 bytes)
[    0.007267] Initializing cgroup subsys io
[    0.007665] Initializing cgroup subsys memory
[    0.008119] Initializing cgroup subsys devices
[    0.008554] Initializing cgroup subsys freezer
[    0.008988] Initializing cgroup subsys net_cls
[    0.009430] Initializing cgroup subsys perf_event
[    0.009889] Initializing cgroup subsys net_prio
[    0.010334] Initializing cgroup subsys hugetlb
[    0.010774] Initializing cgroup subsys pids
[    0.011212] ftrace: allocating 37537 entries in 147 pages
[    0.115884] sched-energy: Sched-energy-costs installed from DT
[    0.116457] CPU0: update cpu_capacity 401
[    0.116901] ASID allocator initialised with 32768 entries
[    0.120427] PCI/MSI: /interrupt-controller@fee00000/interrupt-controller@fee20000 domain created
[    0.121836] Platform MSI: /interrupt-controller@fee00000/intecontroller@fee20000 domain created
[    0.123167] EFI services ll not be available.
[    0.124578] Detected VIPT I-cache on CPU1
[    0.124609] CPU1: found redistributor 1 region 0:0x00000000fef20000
[    0.124644] CPU1: using LPI pending table @0x00000000f2f10000
[    0.124687] CPU1: update cpu_capacity 401
[    0.124690] CPU1: Booted secondary processor [410fd034]
[    0.125261] Detected VIPT I-cache on CPU2
[    0.125280] CPU2: found redistributor 2 region 0:0x00000000fef40000
[    0.125312] CPU2: using LPI pending table @0x00000000f2f40000
[    0.125339] CPU2: update cpu_capacity 401
[    0.125342] CPU2: Booted secondary processor [410fd034]
[    0.125882] Detected VIPT I-cache on CPU3
[    0.125901] CPU3: found redistributor 3 region 0:0x00000000fef60000
[    0.125933] CPU3: using LPI pending table @0x00000000f2fa0000
[    0.125957] CPU3: update cpu_capacity 401
[    0.125961] CPU3: Booted secondary processor [410fd034]
[    0.126498] Detected PIPT I-cache on CPU4
[    0.126527] CPU4: found redistributor 100 region 0:0x00000000fef80000
[    0.126565] CPU4: using LPI pending table @0x00000000f2fd0000
[    0.126602] CPU4: update cpu_capacity 1024
[    0.126605] CPU4: Booted secondary processor [410fd082]
[    0.127175] Detected PIPT I-cache on CPU5
[    0.127192] CPU5: found redistributor 101 region 0:0x00000000fefa0000
[    0.127230] CPU5: using LPI pending table @0x00000000f2400000
[    0.127255] CPU5: update cpu_capacity 1024
[    0.127258] CPU5: Booted secondary processor [410fd082]
[    0.127343] Brought up 6 CPUs
[    0.139791] SMP: Total of 6 processors activated.
[    0.140245] CPU features: detected feature: GIC system register CPU interface
[    0.140938] CPU features: detected feature: 32-bit EL0 Support
[    0.141500] CPU: All CPU(s) started at EL2
[    0.141935] alternatives: patching kernel code
[    0.143742] devtmpfs: initialized
[    0.161223] DMI not present or invalid.
[    0.161862] clocksource: jiffies: mask: 0xffffffff max_cycles: 0xffffffff, max_idle_ns: 1911260446275000 ns
[    0.162789] futex hash table entries: 2048 (order: 5, 131072 bytes)
[    0.163826] pinctrl core: initialized pinc subsystem
[    0.165043] NET: Registered protocol family 16
[    0.169834] cpuidle: using governor ladder
[    0.175848] cpuidle: using governor menu
[    0.176229] Registered FIQ tty driver
[    0.176864] vdso: 2 pages (1 code @ ffffff8008b96000, 1 data @ ffffff80090b4000)
[    0.177568] hw-breakpoint: found 6 breakpoint and 4 watchpoint registers.
[    0.178731] DMA: preallocated 1024 KiB pool for atomic allocations
[    0.202310] console [pstore-1] enabled
[    0.202667] pstore: Registered ramoops as persistent store backend
[    0.203241] ramoops: attached 0xf0000@0x110000, ecc: 0/0
[    0.206502] console [ttyFIQ0] enabled
[    0.206502] console [ttyFIQ0] enabled
[    0.207186] bootconsole [uart0] disabled
[    0.207186] bootconsole [uart0] disabled
[    0.208072] Registered fiq debugger ttyFIQ0
[    0.223397] vcc_lcd: supplied by vcc5v0_sys
[    0.245518] iommu: Adding device ff650000.vpu_service to group 0
[    0.246133] iommu: Adding device ff660000.rkvdec to group 1
[    0.246727] iommu: Adding device ff8f0000.vop to group 2
[    0.247287] iommu: Adding device ff900000.vop to group 3
[    0.247839] iommu: Adding device ff910000.rkisp1 to group 4
[    0.248426] iommu: Adding device ff920000.rkisp1 to group 5
[    0.29413] rk_iommu ff650800.iommu: can't get sclk
[    0.250105] rk_iommu ff660480.iommu: can't get sclk
[    0.250740] rk_iommu ff8f3f00.iommu: can't get sclk
[    0.251325] rk_iommu ff903f00.iommu: can't get sclk
[    0.251925] rk_iommu ff914000.iommu: can't get sclk
[    0.252506] rk_iommu ff924000.iommu: can't get sclk
[    0.253229] SCSI subsystem initialized
[    0.253957] usbcore: registered new interface driver usbfs
[    0.254483] usbcore: registered new interface driver hub
[    0.255045] usbcore: registered new device driver usb
[    0.255555] media: Linux media interface: v0.10
[    0.256002] Linux video capture interface: v2.00
[    0.256455] pps_core: LinuxPPS API ver. 1 registered
[    0.256900] pps_core: Software ver. 5.3.6 - Copyright 2005-2007 Rodofo Giometti <giometti@linux.it>
[    0.257727] PTP clock support registered
[    0.258184] dmi: Firmware registration failed.
[    0.259623] Advanced Linux Sound Architecture Driver Initialized.
[    0.260709] Bluetooth: Core ver 2.21
[    0.261049] NET: Registered protocol family 31
[    0.261457] Bluetooth: HCI device and connection manager initialized
[    0.262024] Bluetooth: HCI socket layer initialized
[    0.262468] Bluetooth: L2CAP socket layer initialized
[    0.262931] Bluetooth: SCO socket layer initialized
[    0.263816] NetLabel: Initializing
[    0.264125] NetLabel:  domain hash size = 128
[    0.264523] NetLabel:  protocols = UNLABELED CIPSOv4
[    0.265002] NetLabel:  unlabeled traffic allowed by default
[    0.265765] rockchip-cpuinfo cpuinfo: Serial         : 52cd9b583833f601
[    0.266927] clocksource: Switched to clocksource arch_sys_counter
[    0.305781] thermal thermal_zone1: power_allocator: sustainable_power will be estimated
[    0.306727] NET: Registered protocol family 2
[    0.307563]CP established hash table entries: 32768 (order: 6, 262144 bytes)
[    0.308467] TCP bind hash table entries: 32768 (order: 8, 1048576 bytes)
[    0.309901] TCP: Hash tables configured (established 32768 bind 32768)
[    0.310578] UDP hash table entries: 2048 (order: 5, 196608 bytes)
[    0.311314] UDP-Lite hash table entries: 2048 (order: 5, 196608 bytes)
[    0.312230] NET: Registered protocol family 1
[    0.312977] RPC: Registered named UNIX socket transport module.
[    0.313505] RPC: Registered udp transport module.
[    0.313936] RPC: Registered tcp transport module.
[    0.314357] RPC: Registered tcp NFSv4.1 backchannel transport module.
[    0.315590] Trying to unpack rootfs image as initramfs...
[    0.691979] Freeing initrd memory: 7880K
[    0.692826] hw perfevents: enabled with armv8_cortex_a53 PMU driver, 7 counters available
[    0.693657] hw perfevents: enabled with armv8_cortex_a72 PMU driver, 7 counters available
[    0.697315] audit: initializing netlink subsys (disabled)
[    0.697830] audit: type=2000 audit(0.615:1): initialized
[    0.698668] Initialise system trusted keyring
[    0.699465] HugeTLB registered 2 MB page size, pre-allocated 0 pages
[    0.706775] VFS: Disk quotas dquot_6.6.0
[    0.707294] VFS: Dquot-cache hash table entries: 512 (order 0, 4096 bytes)
[    0.709377] squashfs: version 4.0 (2009/01/31) Phillip Lougher
[    0.710897] NFS: Registering the id_resolver key type
[    0.711384] Key type id_resolver registered
[    0.711761] Key type id_legacy registered
[    0.712343] fuse init (API version 7.23)
[    0.718333] Key type asymmetric registered
[    0.718710] Asymmetric key parser 'x509' registered
[    0.719335] Block layer SCSI generic (bsg) driver version 0.4 loaded (major 247)
[    0.720111] io scheduler noop registered
[    0.720469] io scheduler deadline registered
[    0.720991] io scheduler cfq registered (default)
[    0.722859] phy phy-ff770000.syscon:usb2-phy@e460.1: Failed to get VBUS supply regulator
[    0.729538] rockchip-pcie f8000000.pcie: no vpcie3v3 regulator found
[    0.730122] rockchip-pcie f8000000.pcie: no vpcie1v8 regulator found
[    0.730690] rockchip-pcie f8000000.pcie0000.pcie: missing "memory-region" property
[    0.731862] PCI host bridge /pcie@f8000000 ranges:
[    0.732304]   MEM 0xfa000000..0xfbdfffff -> 0xfa000000
[    0.732765]    IO 0xfbe00000..0xfbefffff -> 0xfbe00000
[    1.254010] rockchip-pcie f8000000.pcie: PCIe link training gen1 timeout!
[    1.254624] rockchip-pcie f8000000.pcie: deferred probe failed
[    1.255363] rockchip-pcie: probe of f8000000.pcie failed with error -110
[    1.257043] backlight supply power not found, using dummy regulator
[    1.258281] rk-vcodec ff650000.vpu_service: no regulator for vcodec
[    1.259083] rk-vcodec ff650000.vpu_service: probe device
[    1.259779] rk-vcodec ff650000.vpu_service: drm allocator with mmu enabled
[    1.260944] rk-vcodec ff650000.vpu_service: could not find power_model node
[    1.261567] rk-vcodec ff650000.vpu_service: inituccess
[    1.262235] rk-vcodec ff660000.rkvdec: no regulator for vcodec
[    1.263172] rk-vcodec ff660000.rkvdec: probe device
[    1.263786] rk-vcodec ff660000.rkvdec: drm allocator with mmu enabled
[    1.264720] rk-vcodec ff660000.rkvdec: could not find power_model node
[    1.265322] rk-vcodec ff660000.rkvdec: init success
[    1.267219] dma-pl330 ff6d0000.dma-controller: Loaded driver for PL330 DMAC-241330
[    1.267890] dma-pl330 ff6d0000.dma-controller:       DBUFF-32x8bytes Num_Chans-6 Num_Peri-12 Num_Events-12
[    1.270114] dma-pl330 ff6e0000.dma-controller: Loaded driver for PL330 DMAC-241330
[    1.270784] dma-pl330 ff6e0000.dma-contller:         DBUFF-128x8bytes Num_Chans-8 Num_Peri-20 Num_Events-16
[    1.271851] rockchip-system-monitor rockchip-system-monitor: system monitor probe
[    1.273807] Serial: 8250/16550 driver, 5 ports, IRQ sharing disabled
[    1.274988] ff180000.serial: ttyS0 at MMIO 0xff180000 (irq = 38, base_baud = 1500000) is a 16550A
[    1.276266] ff370000.serial: ttyS4 at MMIO 0xff370000 (irq = 40, base_baud = 1500000) is a 16550A
[    1.278018] [drm] Initialized drm 1.1.0 20060810
[    1.281856] [drm] Rockchip DRM driver version: v1.0.1
[    1.284590] mali ff9a0000.gpu: Failed to get regulator
[    1.285061] mali ff9a0000.gpu: Power control initialization failed
[    1.285947] Unable to detect cache hierarchy for CPU 0
[    1.290800] brd: module loaded
[    1.296099] loop: module loaded
[    1.296895] zram: Added device: zram0
[    1.299734] rk_gmac-dwmac fe300000.ethernet: clock input or output? (input).
[    1.300378] rk_gmac-dwmac fe300000.ethernet: TX delay(0x28).
[    1.300884] rk_gmac-dwmac fe300000.ethernet: RX delay(0x11).
[    1.301410] rk_gmac-dwmac fe300000.ethernet: integrated PHY? (no).
[    1.302132] rk_gmac-dwmac fe300000.ethernet: cannot get clock clk_mac_speed
[    1.302751] rk_gmac-dwmac fe300000.ethernet: clock input from PHY
[    1.308304] rk_gmac-dwmac fe300000.ethernet: init for RGMII
[    1.308905] stmmac - user ID: 0x10, Synopsys ID: 0x35
[    1.309360]  Ring mode enabled
[    1.309634]  DMA HW capability register supported
[    1.310039]  Normal descriptors
[    1.310348]  RX Checksum Offload Engine supported (type 2)
[    1.310837]  TX Checksum insertion supported
    1.311222]  Wake-Up On Lan supported
[    1.311587]  Enable RX Mitigation via HW Watchdog Timer
[    1.388473] libphy: stmmac: probed
[    1.388791] eth%d: PHY ID 001cc915 at 0 IRQ POLL (stmmac-0:00) active
[    1.389375] eth%d: PHY ID 001cc915 at 1 IRQ POLL (stmmac-0:01)
[    1.391175] PPP generic driver version 2.4.2
[    1.391777] Rockchip WiFi SYS interface (V1.00) ... 
[    1.392353] usbcore: registered new interface driver asix
[    1.392900] usbcore: registered new interface driver ax88179_178a
[    1.393510] usbcore: registered new interface driver cdc_ether
[    1.394105] usbcore: registered new interface driver qmi_wwan
[    1.396491] rockchip-dwc3 usb0: failed to get drvdata dwc3
[    1.401700] rockchip-dwc3 usb1: fail to get drvdata hcd
[    1.403611] ehci_hcd: USB 2.0 'Enhanced' Host Controller (EHCI) Driver
[    1.404232] ehci-pci: EHCI PCI platform driver
[    1.404707] ehci-platform: EHCI generic platform driver
[    1.408988] ehci-platform fe3c0000.usb: EHCI Host Controller
[    1.409517] ehci-platform fe3c0000.usb: new USB bus registered, assigned bus number 1
[    1.410361] ehci-platform fe3c0000.usb: irq 30, io mem 0xfe3c0000
[    1.415947] ehci-platform fe3c0000.usb: USB 2.0 started, EHCI 1.00
[    1.416715] usb usb1: New USB device found, idVendor=1d6b, idProduct=0002
[    1.417332] =1
[    1.417987] usb usb1: Product: EHCI Host Controller
[    1.418425] usb usb1: Manufacturer: Linux 4.4.179 ehci_hcd
[    1.418930] usb usb1: SerialNumber: fe3c0000.usb
[    1.419996] hub 1-0:1.0: USB hub found
[    1.420368] hub 1-0:1.0: 1 port detected
[    1.421518] ohci_hcd: USB 1.1 'Open' Host Controller (OHCI) Driver
[    1.422108] ohci-platform: OHCI generic platform driver
[    1.423258] ohci-platform fe3e0000.usb: Generic Platform OHCI controller
[    1.423873] ohci-platform fe3e0000.usb: new USB bus registered, assigned bus number 2
[    1.424691] ohci-platform fe3e0000.usb: irq 31, io mem 0xfe3e0000
[    1.480131] usb usb2: New USB device found, idVendor=1d6b, idProduct=0001
[    1.480731] usb usb2: New USB device strings: Mfr=3, Product=2, SerialNumber=1
[    1.481388] usb usb2: Product: Generic Platform OHCI controller
[    1.481928] usb usb2: Manufacturer: Linux 4.4.179 ohci_hcd
[    1.482422] usb usb2: SerialNumber: fe3e0000.usb
[    1.483432] hub 2-0:1.0: USB hub found
[    1.483803] hub 2-0:1.0: 1 port detected
[    1.485529] usbcore: registered new interface driver cdc_acm
[    1.486047] cdc_acm: USB Abstract Control Model driver for USB modems and ISDN adapters
[    1.486808] usbcore: registered new interface driver cdc_wdm
[    1.487410] usbcore: registered new interface driver uas
[    1.488002] usbcore: registered new interface driver usb-storage
[    1.488643] usbcore: registered new interface driver usbserial
[    1.489219] usbcore: registered new interface driver usbserial_generic
[    1.489825] usbserial: USB Serial support registered for generic
[    1.490447] usbcore: registered new interface driver ch341
[    1.490984] usbserial: USB Serial support registered for ch341-uart
[    1.491580] usbcore: registered new interface driver cp210x
[    1.492115] usbserial: USB Serial support registered for cp210x
[    1.492707] usbcore: registered new interface driver ftdi_sio
[    1.493270] usbserial: USB Serial support registered for FTDI USB Serial Device
[    1.494079] usbcore: registered new interface driver option
[    1.494602] usbserial: USB Serial support registered for GSM modem (1-port)
[    1.495408] usbcore: registered new interface driver pl2303
[    1.495945] usbserial: USB Serial support registered for pl2303
[    1.496528] usbcore: registered new interface driver qcserial
[    1.497087] usbserial: USB Serial support registered for Qualcomm USB modem
[    1.498295] mousedev: PS/2 mouse device common for all mice
[    1.499526] <<-GTP-INFO->> GTP driver installing
[    1.500483] sensor_register_slave:mma8452,id=17
[    1.500895] sensor_register_slave:lis3dh,id=7
[    1.501310] sensor_register_slave:mma7660,id=18
[    1.501719] sensor_register_slave:lsm303d,id=22
[    1.502168] sensor_register_slave:mpu6880_acc,id=24
[    1.502612] sensor_register_slave:mpu6500_acc,id=25
[    1.503067] sensor_register_slave:lsm330_acc,id=26
[    1.503499] sensor_register_slave:akm8975,id=30
[    1.503907] sensor_register_slave:akm8963,id=31
[    1.504331] sensor_register_slave:l3g4200d,id=45
[    1.504750] sensor_register_slave:l3g20d,id=46
[    1.505191] sensor_register_slave:ewtsa,id=47
[    1.505588] sensor_register_slave:lsm330_gyro,id=51
[    1.506043] sensor_register_slave:cm3217,id=53
[    1.506451] sensor_register_slave:cm3218,id=54
[    1.507414] i2c /dev entries driver
[    1.509498] fan53555-regulator 0-0040: FAN53555 Option[8] Rev[1] Detected!
[    1.510199] fan53555-reg: supplied by vcc3v3_sys
[    1.512989] fan53555-regulator 0-0041: FAN53555 Option[8] Rev[1] Detected!
[    1.513652] fan53555-reg: supplied by vcc3v3_sys
[    1.516391] rk808 0-001b: Pmic Chip id: 0x0
[    1.520056] rk808-regulator rk808-regulator: there is no dvs0 gpio
[    1.520675] rk808-regulator rk808-regulator: there is no dvs1 gpio
[    1.521356] DCDC_REG1: supplied by vcc3v3_sys
[    1.522628] DCDC_REG2: supplied by vcc3v3_sys
[    1.523705] DCDC_REG3: supplied by vcc3v3_sys
[    1.524472] DCDC_REG4: supplied by vcc3v3_sys
[    1.525383] LDO_REG1: supplied by vcc3v3_sys
[    1.527004] LDO_REG2: supplied by vcc3v3_sys
[    1.528462] LDO_REG3: supplied by vcc3v3_sys
[    1.529939] LDO_REG4: supplied by vcc3v3_sys
[    1.531415] LDO_REG5: supplied by vcc3v3_sys
[    1.532883] LDO_REG6: supplied by vcc3v3_sys
[    1.534367] LDO_REG7: supplied by vcc3v3_sys
[    1.535809] LDO_REG8: supplied by vcc3v3_sys
[    1.537292] SWITCH_REG1: supplied by vcc3v3_sys
[    1.538106] SWITCH_REG2: supplied by vcc3v3_sys
[    1.542414] rk808-rtc rk808-rtc: rtc core: registered rk808-rtc as rtc0
[    1.543485] rk3x-i2c ff3c0000.i2c: Initialized RK3xxx I2C bus at ffffff80096dc000
[    1.545244] rk3x-i2c ff110000.i2c: Initialized RK3xxx I2C bus at ffffff80096de000
[    1.546737] rk3x-i2c ff120000.i2c: Initialized RK3xxx I2C bus at ffffff80096fa000
[    1.547987] rk3x-i2c ff160000.i2c: Initialized RK3xxx I2C bus at ffffff80096fc000
[    1.550233] fusb302 4-0022: Can't get property of role, set role to default DRP
[    1.554385] fusb302 4-0022: port 0 probe success with role ROLE_MODE_DRP, try_role ROLE_MODE_NONE
[    1.555411] input: Typec_Headphone as /devices/platform/ff3d0000.i2c/i2c-4/4-0022/input/input0
[    1.556654] <<-GTP-INFO->> GTP Driver Version: V2.4 <2014/11/28>
[    1.557209] <<-GTP-INFO->> GTP I2C Address: 0x5d
[    1.557720] <<-GTP-INFO->> Guitar reset
[    1.640415] <<-GTP-INFO->> IC Version: 9271_1020
[    1.641536] <<-GTP-INFO->> Sensor_ID: 5
[    1.641881] <<-GTP-INFO->> Config group5 used,length: 186
[    1.642732] <<-GTP-INFO->> Driver send config.
[    1.649057] <<-GTP-INFO->> X_MAX: 800, Y_MAX: 1280, TRIGGER: 0x01
[    1.659954] <<-GTP-INFO->> create proc entry gt9xx_config success
[    1.661286] input: goodix-ts as /devices/virtual/input/input1
[    1.662035] <<-GTP-INFO->> GTP works in interrupt mode.
[    1.662511] <<-GTP-INFO->> Applied memory size:2562.
[    1.662971] <<-GTP-INFO->> I2C function: without pre and end cmd!
[    1.663516] <<-GTP-INFO->> Create proc entry success!
[    1.664201] rk3x-i2c ff3d0000.i2c: Initialized RK3xxx I2C bus at ffffff80096fe000
[    1.666187] IR NEC protocol handler initialized
[    1.669480] Boot mode: coldboot
[    1.671284] rk_tsadcv2_temp_to_code: Invalid conversion table: code=1023, temperature=2147483647
[    1.672301] rockchip-thermal ff260000.tsadc: tsadc is probed successfully!
[    1.674019] dw_wdt ff848000.watchdog: Should better to setup a 'resets' property in dt, that must been named with reset
[    1.675553] device-mapper: uevent: version 1.0.3
[    1.676395] device-mapper: ioctl: 4.34.0-ioctl (2015-10-28) initialised: dm-devel@redhat.com
[    1.677389] Bluetooth: Virtual HCI driver ver 1.5
[    1.678002] Bluetooth: HCI UART driver ver 2.3
[    1.678406] Bluetooth: HCI UART protocol H4 registered
[    1.678864] Bluetooth: HCI UART protocol BCSP registered
[    1.679347] Bluetooth: HCI UART protocol LL registered
[    1.679806] Bluetooth: HCI UART protocol ATH3K registered
[    1.680307] Bluetooth: HCI UART protocol Three-wire (H5) registered
[    1.681041] Bluetooth: HCI UART protocol BCM registered
[    1.681598] usbcore: registered new interface driver bfusb
[    1.682175] usbcore: registered new interface driver btusb
[    1.683303] cpu cpu0: bin=1
[    1.683616] cpu cpu0: leakage=24
[    1.685180] cpu cpu0: Failed to get pvtm
[    1.685611] cpu cpu0: bin-scale=34
[    1.686246] cpu cpu4: bin=1
[    1.686556] cpu cpu4: leakage=40
[    1.688959] cpu cpu4: Failed to get pvtm
[    1.689385] cpu cpu4: bin-scale=17
[    1.691109] cpu cpu0: avs=0
[    1.691484] cpu cpu0: l=0 h=2147483647 hyst=5000 l_limit=0 h_limit=0
[    1.692905] cpu cpu0: failed to find power_model node
[    1.694656] cpu cpu4: avs=0
[    1.695091] cpu cpu4: l=0 h=2147483647 hyst=5000 l_limit=0 h_limit=0
[    1.697310] cpu cpu4: failed to find power_model node
[    1.698945] sdhci: Secure Digital Host Controller Interface driver
[    1.699494] sdhci: Copyright(Card Interface Driver
[    1.701807] dwmmc_rockchip fe310000.dwmmc: IDMAC supports 32-bit address mode.
[    1.702506] dwmmc_rockchip fe310000.dwmmc: Using internal DMA controller.
[    1.703187] dwmmc_rockchip fe310000.dwmmc: Version ID is 270a
[    1.703766] dwmmc_rockchip fe310000.dwmmc: DW MMC controller at irq 25,32 bit host data width,256 deep fifo
[    1.704728] dwmmc_rockchip fe310000.dwmmc: 'clock-freq-min-max' property was deprecated.
[    1.705516] dwmmc_rockchip fe310000.dwmmc: No vmmc regulator found
[    1.706079] dwmmc_rockchip fe310000.dwmmc: No vqmmc regulator found
[    1.707826] dwmmc_rockchip fe320000.dwmmc: IDMAC supports 32-bit address mode.
[    1.708510] dwmmc_rockchip fe320000.dwmmc: Using internal DMA controller.
[    1.709135] dwmmc_rockchip fe320000.dwmmc: Version ID is 270a
[    1.709693] dwmmc_rockchip fe320000.dwmmc: DW MMC controller at irq 26,32 bit host data width,256 deep fifo
[    1.710604] dwmmc_rockchip fe320000.dwmmc: 'clock-freq-min-max' property was deprecated.
[    1.711887] rockchip-iodomain ff770000.syscon:io-domains: Setting to 3000000 done
[    1.712593] rockchip-iodomain ff770000.syscon:io-domains: Setting to 3000000 done
[    1.724048] mmc_host mmc0: Bus speed (slot 0) = 400000Hz (slot req 400000Hz, actual 400000HZ div = 0)
[    1.735040] rockchip-iodomain ff770000.syscon:io-domains: Setting to 3000000 done
[    1.735705] rockchip-iodomain ff770000.syscon:io-domains: Setting to 3000000 done
[    1.736442] dwmmc_rockchip fe320000.dwmmc: 1 slots initialized
[    1.737498] sdhci-pltfm: SDHCI platform and OF driver helper
[    1.739901] sdhci-arasan fe330000.sdhci: No vmmc regulator found found
[    1.768067] mmc1: SDHCI controller on fe330000.sdhci [fe330000.sdhci] using ADMA
[    1.770164] ledtrig-cpu: registered to indicate activity on CPUs
[    1.770839] hidraw: raw HID events driver (C) Jiri Kosina
[    1.771897] usbcore: registered new interface driver usbhid
[    1.772428] usbhid: USB HID core driver
[    1.773593] rockchip-dmc dmc: unable to get devfreq-event device : dfi
[    1.784611] NET: Registered protocol family 10
[    1.786083] NET: Registered protocol family 17
[    1.787180] Bluetooth: RFCOMM TTY layer initialized
[    1.787637] Bluetooth: RFCOMM socket layer initialized
[    1.788151] Bluetooth: RFCOMM ver 1.11
[    1.788510] Bluetooth: HIDP (Human Interface Emulation) ver 1.2
[    1.789051] Bluetooth: HIDP socket layer initialized
[    1.789552] [WLAN_RFKILL]: Enter rfkill_wlan_init
[    1.790329] [WLAN_RFKILL]: Enter rfkill_wlan_probe
[    1.790796] [WLAN_RFKILL]: wlan_platdata_parse_dt: wifi_chip_type = ap6354
[    1.791415] [WLAN_RFKILL]: wlan_platdata_parse_dt: enable wifi power control.
[    1.792062] [WLAN_RFKILL]: wlan_platdata_parse_dt: wifi powercontroled by gpio.
[    1.792787] [WLAN_RFKILL]: wlan_platdata_parse_dt: get property: WIFI,host_wake_irq = 3, flags = 0.
[    1.793595] [WLAN_RFKILL]: wlan_platdata_parse_dt: The ref_wifi_clk not found !
[    1.794244] [WLAN_RFKILL]: rfkill_wlan_probe: init gpio
[    1.794714] [WLAN_RFKILL]: Exit rfkill_wlan_probe
[    1.795188] [BT_RFKILL]: Enter rfkill_rk_init
[    1.795960] [BT_RFKILL]: bluetooth_platdata_parse_dt: get property: uart_rts_gpios = 83.
[    1.796709] [BT_RFKILL]: bluetooth_platdata_parse_dt: get property: BT,reset_gpio = 9.
[    1.797444] [BT_RFKILL]: bluetooth_platdata_parse_dt: get property: BT,wake_gpio = 90.
[    1.798178] [BT_RFKILL]: bluetooth_platdata_parse_dt: get property: BT,wake_host_irq = 4.
[    1.799774] [BT_RFKILL]: Request irq for bt wakeup host
[    1.800332] [BT_RFKILL]: ** disable irq
[    1.800811] [BT_RFKILL]: bt shut off power
[    1.821967] [BT_RFKILL]: bt_default device registered.
[    1.822505] Key type dns_resolver registered
[    1.823146] sensor_register_slave:mpu6880_gyro,id=50
[    1.823951] ov4689 1-0036: driver version: 00.01.01
[    1.824393] ov4689 1-0036: could not get module information!
[    1.825230] 1-0036 supply avdd not found, using dummy regulator
[    1.825825] 1-0036 supply dovdd not found, using dummy regulator
[    1.826413] 1-0036 supply dvdd not found, using dummy regulator
[    1.829237] ov4689 1-0036: Unexpected sensor id(000000), ret(-5)
[    1.830855] ov4689 2-0036: driver version: 00.01.01
[    1.831356] ov4689 2-0036: could not get module information!
[    1.832640] 2-0036 supply avdd not found, using dummy regulator
[    1.833325] 2-0036 supply dovdd not found, using dummy regulator
[    1.834004] 2-0036 supply dvdd not found, using dummy regulator
[    1.836721] ov4689 2-0036: Unexpected sensor id(000000), ret(-5)
[    1.838357] ov13850 1-0010: driver version: 00.01.01
[    1.838832] ov13850 1-0010: could not get module information!
[    1.839800] 1-0010 supply avdd not found, using dummy regulator
[    1.840545] 1-0010 supply dovdd not found, using dummy regulator
[    1.841206] 1-0010 supply dvdd not found, using dummy regulator
[    1.843907] ov13850 1-0010: Unexpected sensor id(000000), ret(-5)
845797] ov13850 2-0010: could not get module information!
[    1.846701] 2-0010 supply avdd not found, using dummy regulator
[    1.847381] 2-0010 supply dovdd not found, using dummy regulator
[    1.848113] 2-0010 supply dvdd not found, using dummy regulator
[    1.848837] mmc1: new HS400 Enhanced strobe MMC card at address 0001
[    1.851060] ov13850 2-0010: Unexpected sensor id(000000), ret(-5)
[    1.851164] mmcblk1: mmc1:0001 AJNB4R 14.6 GiB 
[    1.852136] mmcblk1boot0: mmc1:0001 AJNB4R partition 1 4.00 MiB
[    1.852683] Error: Driver 'sc031gs' is already registered, aborting...
[    1.853714] mmcblk1boot1: mmc1AJNB4R partition 2 4.00 MiB
[    1.855431] mmcblk1rpmb: mmc1:0001 AJNB4R partition 3 4.00 MiB
[    1.855519] Registered cp15_barrier emulation handler
[    1.855965] Registered setend emulation handler
[    1.857350] registered taskstats version 1
[    1.857703]      uboot: 0x000400000 -- 0x000800000 (4 MB)
[    1.857713]      trust: 0x000800000 -- 0x000c00000 (4 MB)
[    1.857722]       misc: 0x000c00000 -- 0x001000000 (4 MB)
[    1.857735]   resource: 0x001000000 -- 0x001c00000 (12 MB)
[    1.857744]     kernel: 0x001c00000 -- 0x003c00000 (32 MB)
[    1.857753]       boot: 0x003c00000 -- 0x005c00000 (32 MB)
[    1.857762]     rootfs: 0x006000000 -- 0x17e000000 (6016 MB)
[    1.857771]   userdata: 0x17e000000 -- 0x3a3a00000 (8794 MB)
[    1.861773]  mmcblk1: p1 p2 p3 p4 p5 p6 p7 p8
[    1.861774] Loading compiled-in X.509 certificates
[    1.863770] rga2: Module initialized.
[    1.865361] phy phy-ff770000.syscon:usb2-phy@e450.7: Failed tply regulator
[    1.867874] rockchip-drm display-subsystem: defer getting devfreq
[    1.868717] rockchip-vop ff900000.vop: missing rockchip,grf property
[    1.869550] rockchip-drm display-subsystem: bound ff900000.vop (ops 0xffffff8008c39810)
[    1.870298] rockchip-vop ff8f0000.vop: missing rockchip,grf property
[    1.871055] rockchip-drm display-subsystem: bound ff8f0000.vop (ops 0xffffff8008c39810)
[    1.871990] rockchip-dp ff970000.edp: no DP phy configured
[    1.873493] i2c i2c-9: of_i2c: modalias failure on /edp@ff970000/ports
[    1.874292] rockchip-drm display-subsystem: bound ff970000.edp (ops 0xffffff8008c30fd8)
[    1.875731] dwhdmi-rockchip ff940000.hdmi: Detected HDMI TX controller v2.11a with HDCP (DWC HDMI 2.0 TX PHY)
[    1.879811] rockchip-drm display-subsystem: bound ff940000.hdmi (ops 0xffffff8008c2e8c0)
[    1.881762] i2c i2c-10: of_i2c: modalias failure on /dp@fec00000/ports
[    1.883914] cdn-dp fec00000.dp: [drm:cdn_dp_pd_event_work] Not connected. Disabling cdn
[    1.884891] rockchip-drm display-subsystem: bound fec00000.dp (ops 0xffffff8008c2f8a8)
[    1.885636] [drm] Supports vblank timestamp caching Rev 2 (21.10.2013).
[    1.886255] [drm] No driver support for vblank timestamp query.
[    1.887509] rockchip-drm display-subsystem: connector[HDMI-A-n't found any modes
[    1.894075] rockchip-drm display-subsystem: failed to show loader logo
[    1.895716] Freeing drm_logo memory: 2252K
[    1.910303] rockchip-dp ff970000.edp: [drm:analogix_dp_link_start] Enable downspread on the sink
[    1.913533] rockchip-dp ff970000.edp: Link Training Clock Recovery success
covery success] rockchip-vop ff900000.vop: [drm:vop_crtc_enable] Update m0.edp: [drm:analogix_dp_link_start] Enable downspread on the sink
[    2.016066] rockchip-dp ff970000.edp: Link Trai buffer device 100x80
[    2.179065] rockchip-drm display-subsystem: fb0:  frame buffer device
[    2.187023] mali ff9a0000.gpu: leakage=29
[    2.192013] mali ff9a0000.gpu: Failed to get pvtm
[    2.193012] mali ff9a0000.gpu: avs=0
[    2.195213] mali ff9a0000.gpu: GPU identified as 0x0860 r2p0 status 0
[    2.196098] mali ff9a0000.gpu: Protected mode not available
[    2.197211] mali ff9a0000.gpu: l=0 h=2147483647 hyst=5000 l_limit=0 h_limit=0
[    2.197878] mali ff9a0000.gpu: Using configured power model mali-simple-power-model, and fallback mali-simple-power-model
[    2.198989] I : [File] : drivers/gpu/arm/midgard/backend/gpu/mali_kbase_devfreq.c; [Line] : 423; [Func] : kbase_devfreq_init(); success initing powedel_simple.
[    2.201317] mali ff9a0000.gpu: Probed as mali0
[    2.206291] xhci-hcd xhci-hcd.8.auto: xHCI Host Controller
[    2.206798] xhci-hcd xhci-hcd.8.auto: new USB bus registered, assigned bus number 3
[    2.207632] xhci-hcd xhci-hcd.8.auto: hcc params 0x0220fe64 hci version 0x110 quirks 0x06030010
[    2.208446] xhci-hcd xhci-hcd.8.auto: irq 231, io mem 0xfe800000
[    2.209219] usb usb3: New USB device found, idVendor=1d6b, idfr=3, Product=2, SerialNumber=1
[    2.210469] usb usb3: Product: xHCI Host Controller
[    2.210900] usb usb3: Manufacturer: Linux 4.4.179 xhci-hcd
[    2.211395] usb usb3: SerialNumber: xhci-hcd.8.auto
[    2.212583] hub 3-0:1.0: USB hub found
[    2.212955] hub 3-0:1.0: 1 port detected
[    2.213570] xhci-hcd xhci-hcd.8.auto: xHCI Host Controller
[    2.214081] xhci-hcd xhci-hcd.8.auto: new USB bus registered, assigned bus number 4
[    2.214799] usb usb4: We don't know the algorithms for LPM for this host, disabling LPM.
[    2.215600] usb usb4: New USB device found, idVendor=1d6b, idProduct=0003
[    2.216213] usb usb4: New USB device strings: Mfr=3, Produt Controller
[    2.217312] usb usb4: Manufacturer: Linux 4.4.179 xhci-hcd
[    2.217807] usb usb4: SerialNumber: xhci-hcd.8.auto
[    2.218939] hub 4-0:1.0: USB hub found
[    2.219303] hub 4-0:1.0: 1 port detected
[    2.221098] xhci-hcd xhci-hcd.8.auto: remove, state 1
[    2.221577] usb usb4: USB disconnect, device number 1
[    2.225424] xhci-hcd xhci-hcd.9.auto: xHCI Host Controller
[    2.225950] xhci-hcd xhci-hcd.9.auto: new USB bus registered, assigned bus number 5
[    2.226763] xhci-hcd xhci-hcd.9.auto: hcc params 0x0220fe64 hci version 0x110 quirks 0x06030010
[    2.227579] xhci-hcd xhci-hcd.9.auto: irq 232, io mem 0xfe900000
[    2.228349] usb usb5: New USB device found, idVendor=1d6b, idProductroduct=2, SerialNumber=1
[    2.229598] usb usb5: Product: xHCI 4.179 xhci-hcd
[    2.230524] usb usb5: SerialNumber: xhci-hcd.9.auto
[    2.231471] hub 5-0:1.0: USB hub found
[    2.231831] hub 5-0:1.0: 1 port detected
[    2.232469] xhci-hcd xhci-hcd.9.auto: xHCI Host Controller
[    2.232974] xhci-hcd xhci-hcd.9.auto: new USB bus registered, assigned bus number 6
[    2.233694] usb usb6: We don't know the algorithms for LPM for this host, disabling LPM.
[    2.234494] usb usb6: New USB device found, idVendor=1d6b, idProduct=0003
[    2.235106] usb usb6: New USB device strings: Mfr=3, Product=2, SerialNumber=1
[    2.235742] : Manufacturer: Linux 4.4.179 xhci-hcd
[    2.236667] usb usb6: SerialNumber: xhci-hcd.9.auto
[    2.237593] hub 6-0:1.0: USB hub found
[    2.237960] hub 6-0:1.0: 1 port detected
[    2.241303] ehci-platform fe380000.usb: EHCI Host Controller
[    2.241419] xhci-hcd xhci-hcd.8.auto: Host not halted after 16000 microseconds.
[    2.241423] xhci-hcd xhci-hcd.8.auto: Host controller not halted, aborting reset.
[    2.241496] xhci-hcd xhci-hcd.8.auto: USB bus 4 deregistered
[    2.241507] xhci-hcd xhci-hcd.8.auto: remove, state 1
[    2.241528] usb usb3: USB disconnect, device number 1
[    2.242256] xhci-hcd xhci-hcd.8.auto: USB bus 3 deregistered
[    2.245101] ehci-platform fe380000.usb: new USB bus registered, assigned bus number 3
[    2.245945] ehci-platform fe380000.usb: irq 28, io mem 0xfe380000
[    2.252192] ehci-platform fe380000.usb: USB 2.0 started, EHCI 1.00
[    2.253012] usb usb3: New USB device found, idVendor=1d6b, idProduct=0002
[    2.253614] usb usb3: New USB device strings: Mfr=3, Product=2, SeriNumber=1
[    2.254262] usb usb3: Product: EHCI Host Controller
                                                      [    2.255185] usb usb3: SerialNumber: fe380000.usb
[    2.256272] hub 3-0:1.0: USB hub found
[    2.256628] hub 3-0:1.0: 1 port detected
[    2.257770] ohci-platform fe3a0000.usb: Generic Platform OHCI controller
[    2.258386] ohci-platform fe3a0000.usb: new USB bus registered, assigned bus number 4
[    2.259189] ohci-platform fe3a0000.usb: irq 29, io mem 0xfe3a0000
[    2.314097] usb usb4: New USB device found, idVendor=1d6b, idProduct=0001
[    2.314699] usb usb4: New USB device strings: Mfr=3, Product=2, SerialNumber=1
[    2.315342] usb usb4: Product: Generic Platform OHCI controller
[    2.315863] usb usb: Manufacturer: Linux 4.4.179 ohci_hcd
[    2.316355] usb usb4: SerialNumber: fe3a0000.usb
[    2.317468] hub 4-0:1.0: USB hub found
[    2.317829] hub 4-: 1 port detected
[    2.318792] input: adc-keys as /devices/platform/adc-keys/input/input2
[    2.321276] dwmmc_rockchip fe310000.dwmmc: IDMAC supports 32-bit address mode.
[    2.321972] dwmmc_rockchip fe310000.dwmmc: Using internal DMA controller.
[    2.322578] dwmmc_rockchip fe310000.dwmmc: Version ID is 270a
[    2.323129] dwmmc_rockchip fe310000.dwmmc: DW MMC controller at irq 25,32 bit host data width,256 deep fifo
[    2.324021] dwmmc_rockchip fe310000.dwmmc: 'clock-freq-min-max' property was deprecated.
[    2.324843] dwmmc_rockchip fe310000.dwmmc: No vmmc regulator found
[    2.325435] dwmmc_rockchip fe310000.dwmmc: No vqmmc regulator found
[    2.326642] dwmmc_rockchip fe310000.dwmmc: allocated mmc-pwrs[    2.327837] vendor storage:20190527 ret = 0
[    2.338241] mmc_host mmc2: Bus speed (slot 0) = 400000Hz (slot req 400000Hz, actual 400000HZ div = 0)
[    2.350312] dwmmc_rockchip fe310000.dwmmc: 1 slots initialized
[    2.351629] rockchip-dmc dmc: Failed to get leakage
[    2.352129] rockchip-dmc dmc: Failed to get pvtm
[    2.352911] rockchip-dmc dmc: avs=0
[    2.353261] rockchip-dmc dmc: failed to get vop pn to msch rl
[    2.353973] rockchip-dmc dmc: l=-2147483648 h=2147483647 hyst=0 l_limit=0 h_limit=0
[    2.354675] rockchip-dmc dmc: could not find power_model node
[    2.357444] devfreq dmc: Couldn't update frequency transition information.
[    2.372343] asoc-simple-card rt5651-sound: ASoC: DAPM unknown pin Headphones
[    2.373876] asoc-simple-card rt5651-sound: rt5651-aif1 <-> ff880000.i2s mapping ok
[    2.374608] asoc-simple-card rt5651-sound: ASoC: no source widget found for MICBIAS1
[    2.375298] asoc-simple-card rt5651-sound: ASoC: Failed to add route MICBIAS1 -> direct -> Mic Jack
[    2.376290] rt5651 1-001a: ASoC: mux INL1 Mux has no paths
[    2.376782] rt5651 1-001a: ASoC: mux INR1 Mux has no paths
[    2.377283] rt5651 1-001a: ASoC: mux INL2 Mux has no paths
[    2.377774] rt5651 1-001a: ASoC: mux INR2 Mux has no paths
[    2.382224] input: realtek,rt5651-codec Headphones as /devices/platform/rt5651-sound/sound/card0/input3
[    2.385445] asoc-simple-card hdmi-sound: i2s-hifi <-> ff8a0000.i2s mapping ok
[    2.389563] asoc-simple-card spdif-sound: dit-hifi <-> ff870000.spdif mapping ok
[    2.393402] input: gpio-keys as /devices/platform/gpio-keys/input/input4
[    2.395413] rk808-rtc rk808-rtc: setting system clock to 2013-01-18 09:20:24 UTC (1358500824)
[    2.396873] rkisp1 ff910000.rkisp1: rkisp1 driver version: v00.01.04
[    2.397472] rkisp1 ff910000.rkisp1: Missing rockchip,grf property
[    2.401067] rkisp1 ff920000.rkisp1: rkisp1 driver version: v00.01.04
[    2.401672] rkisp1 ff920000.rkisp1: Missing rockchip,grf property
[    2.402560] mmc2: queuing unknown CIS tuple 0x80 (2 bytes)
[    2.404701] mmc2: queuing unknown CIS tuple 0x80 (3 bytes)
[    2.406757] mmc2: queuing unknown CIS tuple 0x80 (3 bytes)
[    2.410124] mmc2: queuing unknown CIS tuple 0x80 (7 bytes)
[    2.426730] vcc_sd: disabling
[    2.427955] rkisp1 ff910000.rkisp1: clear unready subdev num: 3
[    2.428825] rockchip-mipi-dphy-rx: No link between dphy and sensor
[    2.429385] rockchip-mipi-dphy-rx: No link between dphy and sensor
[    2.429934] rkisp1: update sensor failed
[    2.430297] rkisp1 ff920000.rkisp1: clear unready subdev num: 2
[    2.431018] rockchip-mipi-dphy-rx: No link between dphy and sensor
[    2.431570] rockchip-mipi-dphy-rx: No link between dphy and sensor
[    2.432120] rkisp1: update sensor failed
[    2.432910] ALSA device list:
[    2.433210]   #0: realtek,rt5651-codec
[    2.433547]   #1: rockchip,hdmi
[    2.433827]   #2: ROCKCHIP,SPDIF
[    2.434816] Freeing unused kernel memory: 1088K
Loading, please wait...
[    2.470771] mmc_host mmc2: Bus speed (slot 0) = 150000000Hz (slot req 150000000Hz, actual 150000000HZ div = 0)
Starting version 249.11-0ubuntu3.7
[    2.523147] asoc-simple-card rt5651-sound: ASoC: DAPM unknown pin Headphones
[    2.600867] dwmmc_rockchip fe310000.dwmmc: Successfully tuned phase to 200
[    2.604837] mmc2: queuing unknown CIS tuple 0x91 (3 bytes)
[    2.605410] mmc2: new ultra high speed SDR104 SDIO card at address 0001
Begin: Loading essential drivers ... done.
Begin: Running /scripts/init-premount ... done.
Begin: Mounting root file system ... Begin: Running /scripts/local-top ... done.
Begin: Running /scripts/local-premount ... done.
[    2.896232] EXT4-fs (mmcblk1p7): mounted filesystem with ordered data mode. Opts: (null)
Begin: Will now check userdata file system ... fsck from util-linux 2.37.2
[/usr/sbin/fsck.ext4 (1) -- /dev/mmcblk1p8] fsck.ext4 -a -C0 /dev/mmcblk1p8 
userdata: recovering journal
userdata: clean, 38339/1766400 files, 885546/2251264 blocks
done.
[    3.023801] EXT4-fs (mmcblk1p8): mounted filesystem with ordered data mode. Opts: (null)
[    3.033391] EXT4-fs (mmcblk1p8): re-mounted. Opts: data=ordered
done.
Begin: Running /scripts/local-bottom ... done.
Begin: Running /scripts/init-bottom ... done.
[    3.230843] systemd[1]: System time before build time, advancing clock.
[    3.255392] ip_tables: (C) 2000-2006 Netfilter Core Team
[    3.260682] cgroup: cgroup2: unknown option "nsdelegate"
[    3.278998] systemd[1]: systemd 237 running in system mode. (+PAM +AUDIT +SELINUX +IMA +APPARMOR +SMACK +SYSVINIT +UTMP +LIBCRYPTSETUP +GCRYPT +GNUTLS +ACL +XZ +LZ4 +SECCOMP +BLKID +ELFUTILS +KMOD -IDN2 +IDN -PCRE2 default-hierarchy=hybri)
[    3.282008] systemd[1]: Detected architecture arm64.

Welcome to Ubuntu 18.04.2 LTS!

[    3.300132] systemd[1]: Set hostname to <NanoPC-T4>.
[    3.435493] systemd[1]: File /lib/systemd/system/systemd-udevd.service:34 configures an IP firewall (IPAddressDeny=any), but the local system does not support BPF/cgroup based firewalling.
[    3.437040] systemd[1]: Proceeding WITHOUT firewalling in effect! (This warning is only shown for the first loaded unit using IP firewalling.)
[    3.504239] systemd[1]: /lib/systemd/system/rc-local.service:23: Support for option SysVStartPriority= has been removed and it is ignored
[    3.578181] random: systemd: uninitialized urandom read (16 bytes read, 71 bits of entropy available)
[    3.579114] systemd[1]: Reached target Swap.
[  OK  ] Reached target Swap.
[    3.580515] random: systemd: uninitialized urandom read (16 bytes read, 71 bits of entropy available)
[    3.581845] systemd[1]: Set up automount Arbitrary Executable File Formats File System Automount Point.
[  OK  ] Set up automount Arbitrary Executab…rmats File System Automount Point.
[    3.583160] random: systemd: uninitialized urandom read (16 bytes read, 71 bits of opy available)
[    3.584350] systemd[1]: Reached target User and Group Name Lookups.
[  OK  ] Reached target User and Group Name Lookups.
[    3.585194] random: systemd: uninitialized urandom read (16 bytes read, 71 bits of entavailable)
[    3.586954] systemd[1]: Created slice System Slice.
[  OK  ] Created slice System Slice.
[    3.587687] random: systemd: uninitialized urandom read (16 bytes read, 71 bits of entropy available)
[    3.588986] systemd[1]: Listening on udev Control Socket.
[  OK  ] Listening on udev Control Socket.
[    3.589690] random: systemd: uninitialized urandom read (16 bytes read, 71 bits of entropy available)
[    3.590793] systemd[1]: Reached target Remote File Systems.
[  OK  ] Reached target Remote File Systems.
[    3.591471] random: systemd: uninitialized urandom read (16 bytes read, 71 bits of entropy available)
[    3.593173] systemd[1]: Created slice User and Session Slice.
[  OK  ] Created slice User and Session Slice.
[    3.593890] random: systemd: uninitialized urandom read (16 bytes read, 71 bits of entropy available)
[    3.595562] systemd[1]: Created slice system-serial\x2dgetty.slice.
[  OK  ] Created slice system-serial\x2dgetty.slice.
[    3.596689] random: systemd: uninitialized urandom read (16 bytes read, 71 bits of entropy available)
[    3.597755] systemd[1]: Listening on Journal Audit Socket.
[  OK  ] Listening on Journal Audit Socket.
[    3.598484] random: systemd: uninitialized urandom read (16 bytes read, 71 bits of entropy available)
[    3.599788] systemd[1]: Listening on /dev/initctl Compatibility Named Pipe.
[  OK  ] Listening on /dev/initctl Compatibility Named Pipe.
[    3.601011] systemd[1]: Listening on Journal Socket.
[  OK  ] Listening on Journal Socket.
[    3.604629] systemd[1]: Mounting Huge Pages File System...
         Mounting Huge Pages File System...
[    3.611363] systemd[1]: Mounting Kernel Debug File System...
         Mounting Kernel Debug File System...
[    3.618633] systemd[1]: Starting Create list of required static device nodes for the current kernel...
         Starting Create list of required st…ce nodes for the current kernel...
[    3.625445] systemd[1]: Starting Remount Root and Kernel File Systems...
         Starting Remount Root and Kernel File Systems...
[    3.636395] systemd[1]: Starting Load Kernel Modules...
         Starting Load Kernel Modules...
[    3.641645] systemd[1]: Mounting POSIX Message Queue File System...
         Mounting POSIX Message Queue File System...
[    3.646725] systemd[1]: Starting Set the console keyboard layout...
         Starting Set the console keyboard layout...
[    3.651479] systemd[1]: Reached target Slices.
[  OK  ] Reached target Slices.
[    3.652984] systemd[1]: Listening on Journal Socket (/dev/log).
[  OK  ] Listening on Journal Socket (/dev/log).
[    3.654276] systemd[1]: Listening on udev Kernel Socket.
[  OK  ] Listening on udev Kernel Socket.
[    3.656633] Bluetooth: BNEP (Ethernet Emulation) ver 1.3
[    3.657162] Bluetooth: BNEP filters: protocol multicast
[    3.657644] Bluetooth: BNEP socket layer initialized
[    3.658878] systemd[1]: Starting udev Coldplug all Devices...
         Starting udev Coldplug all Devices...
[    3.660375] systemd[1]: Started Forward Password Requests to Wall Directory Watch.
[  OK  ] Started Forward Password Requests to Wall Directory Watch.
[    3.666183] systemd[1]: Starting Journal Service...
         Starting Journal Service...
[    3.670127] systemd[1]: Mounted Huge Pages File System.
[  OK  ] Mounted Huge Pages File System.
[    3.671845] systemd[1]: Mounted Kernel Debug File System.
[  OK  ] Mounted Kernel Debug File System.
[    3.674324] systemd[1]: Started Create list of required static device nodes for the current kernel.
[  OK  ] Started Create list of required sta…vice nodes for the current kernel.
[    3.677196] systemd[1]: Started Remount Root and Kernel File Systems.
[  OK  ] Started Remount Root and Kernel File Systems.
[    3.680697] systemd[1]: Started Load Kernel Modules.
[  OK  ] Started Load Kernel Modules.
[    3.682448] systemd[1]: Mounted POSIX Message Queue File System.
[  OK  ] Mounted POSIX Message Queue File System.
[    3.689339] systemd[1]: Mounting Kernel Configuration File System...
         Mounting Kernel Configuration File System...
[    3.694137] systemd[1]: Starting Apply Kernel Variables...
         Starting Apply Kernel Variables...
[    3.700561] systemd[1]: Mounting FUSE Control File System...
         Mounting FUSE Control File System...
[    3.708652] systemd[1]: Starting Load/Save Random Seed...
         Starting Load/Save Random Seed...
         Starting Create Static Device Nodes in /dev...
[  OK  ] Mounted Kernel Configuration File System.
[  OK  ] Mounted FUSE Control File System.
[  OK  ] Started Apply Kernel Variables.
[  OK  ] Started Load/Save Random Seed.
[  OK  ] Started Create Static Device Nodes in /dev.
         Starting udev Kernel Device Manager...
[  OK  ] Started udev Kernel Device Manager.
[  OK  ] Started udev Coldplug all Devices.
[  OK  ] Started Journal Service.
         Starting Flush Journal to Persistent Storage...
[  OK  ] Started Set the console keyboard layout.
[  OK  ] Started Dispatch Password Requests to Console Directory Watch.
[  OK  ] Reached target Local Encrypted Volumes.
[  OK  ] Reached target Local File Systems (Pre).
[  OK  ] Reached target Local File Sy.
         Starting Tell Plymouth To Write Out Runtime Data...
         Starting Raise network interfaces...
         Starting Set console font and keymap...
         Starting Enable support for additional executable binary formats...
[  OK  ] Started Tell Plymouth To Write Out Runtime Data.
         Mounting Arbitrary Executable File Formats File System...
[  OK  ] Started Set console font and keymap.
[  OK  ] Mounted Arbitrary Executable File Formats File System.
[  OK  ] Started Enable support for additional executable binary formats.
[  OK  ] Created slice system-systemd\x2dbacklight.slice.
         Starting Load/Save Screen Backlight…ightness of backlight:backlight...
[  OK  ] Started Flush Journal to Persistent Storage.[  OK  ] Started Load/Save Screen Backlight Brightness of backlight:backlight.
         Starting Create Volatile Files and Directories...
[  OK  ] Started Create Volatile Files and Directories.
         Starting Network Time Synchronization...
         Starting Network Name Resolution...
         Starting Update UTMP about System Boot/Shutdown...
[  OK  ] Started Raise network interfaces.
[  OK  ] Started Update UTMP about System Boot/Shutdown.
[  OK  ] Found device /dev/ttyFIQ0.
[  OK  ] Reached target Sound Card.
[  OK  ] Started Network Name Resolution.
[  OK  ] Started Network Time Synchronization.
[  OK  ] Reached target System Initialization.
[  OK  ] Listening on Avahi mDNS/DNS-SD Stack Activation Socket.
[  OK  ] Started Daily Cleanup of Temporary Directories.
         Starting Socket activation for snappy daemon.
[  OK  ] Listening on D-Bus System Message Bus Socket.
[  OK  ] Started Message of the Day.
[  OK  ] Reached target Paths.
[  OK  ] Reached target System Time Synchronized.
[  OK  ] Started Discard unused blocks once a week.
[  OK  ] Reached target Timers.
[  OK  ] Listening on Socket activation for snappy daemon.
[    4.563392] [dhd] dhd_conf_set_chiprev : devid=0x4356, chip=0x4354, chiprev=2
[  OK  ] Listening on Load/Save RF Kill Switch Status /dev/rfkill Watch.
[  OK  ] Reached target Sockets.
[  OK  ] Reached target Basic System.
         Starting brcm_patchram_plus...
[  OK  ] Started PulseAudio Daemon.
[  OK  ] Started Set the CPU Frequency Scaling governor.
         Starting Avahi mDNS/DNS-SD Stack...
         Starting Login Service...
         Starting LSB: Start busybox udhcpd at boot time...
         Starting Save/Restore Sound Card State...
         Starting Accounts Service...
[  OK  ] Started Regular background program processing daemon.
         Starting Disk Manager...
         Starting Initialize hardware monitoring sensors...
         Starting Modem Manager...
         Starting LSB: Load kernel modules needed to enable cpufreq scaling...
         Starting LSB: automatic crash report generation...
[  OK  ] Started D-Bus System Message Bus.
[  OK  ] Started Login Service.
         Starting Network Manager...
         Starting Init board...
         Starting Dispatcher daemon for systemd-networkd...
         Starting Restore /etc/resolv.conf i…fore the ppp link was shut down...
         Starting WPA supplicant...
         Starting Snappy daemon...
[  OK  ] Started brcm_patchram_plus.
[  OK  ] Started Init board.
[  OK  ] Started Restore /etc/resolv.conf if…before the ppp link was shut down.
[  OK  ] Started Initialize hardware monitoring sensors.
[  OK  ] Started LSB: Start busybox udhcpd at boot time.
[  OK  ] Started Avahi mDNS/DNS-SD Stack.
         Starting Authorization Manager...
         Starting Load/Save RF Kill Switch Status...
         Starting Bluetooth service...
[  OK  ] Started Save/Restore Sound Card State.
[  OK  ] Started LSB: automatic crash report generation.
[  OK  ] Started WPA supplicant.
[  OK  ] Started LSB: Load kernel modules needed to enable cpufreq scaling.
         Starting LSB: set CPUFreq kernel parameters...
[  OK  ] Started Bluetooth service.
[  OK  ] Started Authorization Manager.
         Starting Hostname Service...
[  OK  ] Started Accounts Service.
[  OK  ] Started Modem Manager.
[  OK  ] Started Hostname Service.
[  OK  ] Started LSB: set CPUFreq kernel parameters.
[  OK  ] Started Network Manager.
[  OK  ] Reached target Network.
         Starting OpenBSD Secure Shell server...
         Starting xrdp session manager...
[    5.468013] blk_update_request: I/O error, dev loop0, sector 0
[  OK  ] Started Unattended Upgrades Shutdown.
         Starting Permit User Sessions...
         Starting dnsmasq - A lightweight DHCP and caching DNS server...
         Starting Network Manager Wait Online...
[  OK  ] Started Permit User Sessions.
[  OK  ] Started Snappy daemon.
         Starting Network Manager Script Dispatcher Service...
         Starting Wait until snapd is fully seeded...
         Starting Light Display Manager...
[  OK  ] Started OpenBSD Secure Shell server.
[  OK  ] Started Network Manager Script Dispatcher Service.
[  OK  ] Started xrdp session manager.
         Starting xrdp daemon...
[  OK  ] Started Wait until snapd is fully seeded.
[  OK  ] Started Disk Manager.
[  OK  ] Started dnsmasq - A lightweight DHCP and caching DNS server.
[  OK  ] Reached target Host and Network Name Lookups.
[    5.815258] [dhd][wlan0] wl_android_wifi_on : in g_wifi_on=0
[  OK  ] Started Light Display Manager.
         Starting HDMI-force-ON...
[  OK  ] Started HDMI-force-ON.
[  OK  ] Started xrdp daemon.
[    6.736979] [dhd] dhd_conf_read_country : ccode = ALL
[    6.737455] [dhd] dhd_conf_read_country : regrev = 0
[    6.737906] [dhd] dhd_conf_read_sdio_params : dhd_doflow = 1
[    6.738472] [dhd] dhd_conf_read_others : srl = 15
[    6.738898] [dhd] dhd_conf_read_others : lrl = 15
[    6.739422] [dhd] dhd_conf_set_path_params : Final fw_path=/system/etc/firmware/fw_bcm4356a2_ag.bin
[    6.740270] [dhd] dhd_conf_set_path_params : Final nv_path=/system/etc/firmware/nvram_ap6356.txt
[    6.741091] [dhd] dhd_conf_set_path_params : Final clm_path=/system/etc/firmware/clm_bcm4356a2_ag.blob
[    6.741912] [dhd] dhd_conf_set_path_params : Final conf_path=/system/etc/firmware/config.txt
[    6.923883] [dhd] dhd_conf_set_txglom_params : txglom_mode=multi-desc
[    6.924508] [dhd] dhd_conf_set_txglom_params : txglomsize=36, deferred_tx_len=0
[    6.925210] [dhd] dhd_conf_set_txglom_params : txinrx_thres=128, dhd_txminmax=-1
[    6.925860] [dhd] dhd_conf_set_txglom_params : tx_max_offset=0, txctl_tmo_fix=300
[    6.926606] [dhd] dhd_conf_get_disable_proptx : fw_proptx=1, disable_proptx=-1
[    6.991884] [dhd] dhd_conf_set_country : set country XZL, revision 11
[    6.992967] [dhd] CONFIG-ERROR) dhd_conf_set_bufiovar : country setting failed -2, len=12
[    6.994279] [dhd] dhd_conf_set_country : Country code: US (US/0)
[    7.001626] [dhd][wlan0] wl_android_wifi_on : Success
[    7.070155] [dhd][wlan0] wl_cfg80211_add_del_bss : wl bss 2 bssidx:1
[    7.073552] [dhd][wlan1] _dhd_set_mac_address : MACID ce:4b:73:5a:40:c8 is overwritten
[  OK  ] Started Dispatcher daemon for systemd-networkd.
[  OK  ] Started Load/Save RF Kill Switch Status.
[  OK  ] Created slice User Slice of pi.
         Starting User Manager for UID 1000...
[  OK  ] Started Session c1 of user pi.
[  OK  ] Started User Manager for UID 1000.
         Starting Daemon for power management...
[  OK  ] Started Daemon for power management.
[  OK  ] Created slice system-clean\x2dmount\x2dpoint.slice.
[  OK  ] Started Clean the /media/pi/userdata9 mount point.
[  OK  ] Started Network Manager Wait Online.
[  OK  ] Reached target Network is Online.
[  OK  ] Started Start x11vnc at startup..
         Starting LSB: disk temperature monitoring daemon...
         Starting /etc/rc.local Compatibility...
         Starting LSB: Brings up/down network automatically...
[   15.134789] rc.local[1170]: bcm43xx_reset[hack]:sleep 1s!
[   16.788192] rc.local[1170]: bcm43xx_reset[hack]:sleep 1s!
[   17.806602] rc.local[1170]: bcm43xx_init
[   17.808172] rc.local[1170]: Set Controller UART speed to 1500000 bit/s
[   17.809407] rc.local[1170]: Flash firmware /etc/firmware/BCM4354A2.hcd
[   17.811393] rc.local[1170]: Set Controller UART speed to 1500000 bit/s
[   17.812267] rc.local[1170]: Device setup complete

Ubuntu 18.04.2 LTS NanoPC-T4 ttyFIQ0

NanoPC-T4 login: 
